d:\myplayer\myplayer\debug\vc142.pdb
d:\myplayer\myplayer\debug\vc142.idb
d:\myplayer\myplayer\debug\softdecoder.obj
d:\myplayer\myplayer\debug\rtsp.obj
d:\myplayer\myplayer\debug\openglconsumer.obj
d:\myplayer\myplayer\debug\myplayer.obj
d:\myplayer\myplayer\debug\mediaplayerfacade.obj
d:\myplayer\myplayer\debug\mediapipeline.obj
d:\myplayer\myplayer\debug\rtspsoftwarefactory.obj
d:\myplayer\myplayer\debug\main.obj
d:\myplayer\debug\myplayer.pdb
d:\myplayer\myplayer\debug\myplayer.tlog\cl.command.1.tlog
d:\myplayer\myplayer\debug\myplayer.tlog\cl.read.1.tlog
d:\myplayer\myplayer\debug\myplayer.tlog\cl.write.1.tlog
d:\myplayer\myplayer\debug\myplayer.tlog\link-cvtres.read.1.tlog
d:\myplayer\myplayer\debug\myplayer.tlog\link-cvtres.write.1.tlog
d:\myplayer\myplayer\debug\myplayer.tlog\link-rc.read.1.tlog
d:\myplayer\myplayer\debug\myplayer.tlog\link-rc.write.1.tlog
d:\myplayer\myplayer\debug\myplayer.tlog\link.command.1.tlog
d:\myplayer\myplayer\debug\myplayer.tlog\link.read.1.tlog
d:\myplayer\myplayer\debug\myplayer.tlog\link.write.1.tlog
