e:\rtsp\myplayer\myplayer\x64\debug\rtspclient.obj
e:\rtsp\myplayer\myplayer\x64\debug\main.obj
e:\rtsp\myplayer\myplayer\x64\debug\digestauthentication.obj
e:\rtsp\myplayer\myplayer\x64\debug\openglconsumer.obj
e:\rtsp\myplayer\myplayer\x64\debug\onvifdevicemodel.obj
e:\rtsp\myplayer\myplayer\x64\debug\jsonconfigfactory.obj
e:\rtsp\myplayer\myplayer\x64\debug\base64.obj
e:\rtsp\myplayer\myplayer\x64\debug\ourmd5.obj
e:\rtsp\myplayer\myplayer\x64\debug\strtpsession.obj
e:\rtsp\myplayer\myplayer\x64\debug\softdecoder.obj
e:\rtsp\myplayer\myplayer\x64\debug\spsparse.obj
e:\rtsp\myplayer\myplayer\x64\debug\mediapipeline.obj
e:\rtsp\myplayer\myplayer\x64\debug\onvifdevicesearcher.obj
e:\rtsp\myplayer\myplayer\x64\debug\mediaplayerfacade.obj
e:\rtsp\myplayer\myplayer\x64\debug\privatertsp.obj
e:\rtsp\myplayer\myplayer\x64\debug\qt\moc\moc_mymainwindow.cpp
e:\rtsp\myplayer\myplayer\x64\debug\qt\uic\ui_mymainwindow.h
e:\rtsp\myplayer\myplayer\x64\debug\vc143.idb
e:\rtsp\myplayer\myplayer\x64\debug\vc143.pdb
e:\rtsp\myplayer\myplayer\x64\debug\myplayer.tlog\cl.31040.write.1.tlog
e:\rtsp\myplayer\myplayer\x64\debug\myplayer.tlog\cl.command.1.tlog
e:\rtsp\myplayer\myplayer\x64\debug\myplayer.tlog\cl.read.1.tlog
e:\rtsp\myplayer\myplayer\x64\debug\myplayer.tlog\moc.read.1u.tlog
e:\rtsp\myplayer\myplayer\x64\debug\myplayer.tlog\moc.write.1u.tlog
e:\rtsp\myplayer\myplayer\x64\debug\myplayer.tlog\myplayer.write.1u.tlog
e:\rtsp\myplayer\myplayer\x64\debug\myplayer.tlog\uic.read.1u.tlog
e:\rtsp\myplayer\myplayer\x64\debug\myplayer.tlog\uic.write.1u.tlog
